#
# There is insufficient memory for the Java Runtime Environment to continue.
# Native memory allocation (mmap) failed to map 268435456 bytes for G1 virtual space
# Possible reasons:
#   The system is out of physical RAM or swap space
#   The process is running with CompressedOops enabled, and the Java Heap may be blocking the growth of the native heap
# Possible solutions:
#   Reduce memory load on the system
#   Increase physical memory or swap space
#   Check if swap backing store is full
#   Decrease Java heap size (-Xmx/-Xms)
#   Decrease number of Java threads
#   Decrease Java thread stack sizes (-Xss)
#   Set larger code cache with -XX:ReservedCodeCacheSize=
#   JVM is running with Zero Based Compressed Oops mode in which the Java heap is
#     placed in the first 32GB address space. The Java Heap base address is the
#     maximum limit for the native heap growth. Please use -XX:HeapBaseMinAddress
#     to set the Java Heap base and to place the Java Heap above 32GB virtual address.
# This output file may be truncated or incomplete.
#
#  Out of Memory Error (os_windows.cpp:3548), pid=21124, tid=8216
#
# JRE version:  (17.0.12+8) (build )
# Java VM: Java HotSpot(TM) 64-Bit Server VM (17.0.12+8-LTS-286, mixed mode, sharing, tiered, compressed oops, compressed class ptrs, g1 gc, windows-amd64)
# No core dump will be written. Minidumps are not enabled by default on client versions of Windows
#

---------------  S U M M A R Y ------------

Command Line: -Dorg.gradle.appname=gradlew org.gradle.wrapper.GradleWrapperMain -q -Ptarget-platform=android-arm64 -Ptarget=D:\New Flutter Projects\meal_app\lib\main.dart -Pbase-application-name=android.app.Application -Pdart-defines=Zmx1dHRlci5pbnNwZWN0b3Iuc3RydWN0dXJlZEVycm9ycz10cnVl,RkxVVFRFUl9WRVJTSU9OPTMuNDEuNg==,RkxVVFRFUl9DSEFOTkVMPXN0YWJsZQ==,RkxVVFRFUl9HSVRfVVJMPWh0dHBzOi8vZ2l0aHViLmNvbS9mbHV0dGVyL2ZsdXR0ZXIuZ2l0,RkxVVFRFUl9GUkFNRVdPUktfUkVWSVNJT049ZGI1MGUyMDE2OA==,RkxVVFRFUl9FTkdJTkVfUkVWSVNJT049NDI1Y2ZiNTRkMA==,RkxVVFRFUl9EQVJUX1ZFUlNJT049My4xMS40 -Pdart-obfuscation=false -Ptrack-widget-creation=true -Ptree-shake-icons=false -Pfilesystem-scheme=org-dartlang-root assembleDebug

Host: Intel(R) Core(TM) i7-8550U CPU @ 1.80GHz, 8 cores, 15G,  Windows 11 , 64 bit Build 26100 (10.0.26100.8521)
Time: Fri Jun 19 16:19:03 2026 Egypt Daylight Time elapsed time: 0.038100 seconds (0d 0h 0m 0s)

---------------  T H R E A D  ---------------

Current thread (0x000001630f1827e0):  JavaThread "Unknown thread" [_thread_in_vm, id=8216, stack(0x0000001b0aa00000,0x0000001b0ab00000)]

Stack: [0x0000001b0aa00000,0x0000001b0ab00000]
Native frames: (J=compiled Java code, j=interpreted, Vv=VM code, C=native code)
V  [jvm.dll+0x67a04a]
V  [jvm.dll+0x7da4ed]
V  [jvm.dll+0x7dbe33]
V  [jvm.dll+0x7dc4a3]
V  [jvm.dll+0x24508f]
V  [jvm.dll+0x677089]
V  [jvm.dll+0x66bd32]
V  [jvm.dll+0x301fa6]
V  [jvm.dll+0x309546]
V  [jvm.dll+0x359d2e]
V  [jvm.dll+0x359f5f]
V  [jvm.dll+0x2d9078]
V  [jvm.dll+0x2d9fe4]
V  [jvm.dll+0x7aca21]
V  [jvm.dll+0x367591]
V  [jvm.dll+0x78b999]
V  [jvm.dll+0x3ec83f]
V  [jvm.dll+0x3ee471]
C  [jli.dll+0x5297]
C  [ucrtbase.dll+0x2cd30]
C  [KERNEL32.DLL+0x2e957]
C  [ntdll.dll+0x87c1c]


---------------  P R O C E S S  ---------------

Threads class SMR info:
_java_thread_list=0x00007ffd18b37a18, length=0, elements={
}

Java Threads: ( => current thread )

Other Threads:
  0x000001630f1f2200 GCTaskThread "GC Thread#0" [stack: 0x0000001b0ab00000,0x0000001b0ac00000] [id=21472]
  0x000001630f204bc0 ConcurrentGCThread "G1 Main Marker" [stack: 0x0000001b0ac00000,0x0000001b0ad00000] [id=20932]
  0x000001630f205c80 ConcurrentGCThread "G1 Conc#0" [stack: 0x0000001b0ad00000,0x0000001b0ae00000] [id=14324]

[error occurred during error reporting (printing all threads), id 0xc0000005, EXCEPTION_ACCESS_VIOLATION (0xc0000005) at pc=0x00007ffd18369b67]

VM state: not at safepoint (not fully initialized)

VM Mutex/Monitor currently owned by a thread:  ([mutex/lock_event])
[0x000001630f180c40] Heap_lock - owner thread: 0x000001630f1827e0

Heap address: 0x0000000701800000, size: 4072 MB, Compressed Oops mode: Zero based, Oop shift amount: 3

CDS archive(s) mapped at: [0x0000000000000000-0x0000000000000000-0x0000000000000000), size 0, SharedBaseAddress: 0x0000000800000000, ArchiveRelocationMode: 1.
Narrow klass base: 0x0000000000000000, Narrow klass shift: 0, Narrow klass range: 0x0

GC Precious Log:
<Empty>

Heap:
 garbage-first heap   total 0K, used 0K [0x0000000701800000, 0x0000000800000000)
  region size 2048K, 0 young (0K), 0 survivors (0K)

[error occurred during error reporting (printing heap information), id 0xc0000005, EXCEPTION_ACCESS_VIOLATION (0xc0000005) at pc=0x00007ffd18753859]

GC Heap History (0 events):
No events

Deoptimization events (0 events):
No events

Classes unloaded (0 events):
No events

Classes redefined (0 events):
No events

Internal exceptions (0 events):
No events

VM Operations (0 events):
No events

Events (1 events):
Event: 0.025 Loaded shared library C:\Program Files\Java\jdk-17\bin\java.dll


Dynamic libraries:
0x00007ff7d52e0000 - 0x00007ff7d52f0000 	C:\Program Files\Java\jdk-17\bin\java.exe
0x00007ffdf6420000 - 0x00007ffdf6686000 	C:\WINDOWS\SYSTEM32\ntdll.dll
0x00007ffdf4750000 - 0x00007ffdf4819000 	C:\WINDOWS\System32\KERNEL32.DLL
0x00007ffdf3890000 - 0x00007ffdf3c8a000 	C:\WINDOWS\System32\KERNELBASE.dll
0x00007ffdf3d50000 - 0x00007ffdf3e9c000 	C:\WINDOWS\System32\ucrtbase.dll
0x00007ffd41f20000 - 0x00007ffd41f3b000 	C:\Program Files\Java\jdk-17\bin\VCRUNTIME140.dll
0x00007ffdb3440000 - 0x00007ffdb3459000 	C:\Program Files\Java\jdk-17\bin\jli.dll
0x00007ffdf5a50000 - 0x00007ffdf5b06000 	C:\WINDOWS\System32\ADVAPI32.dll
0x00007ffdf4190000 - 0x00007ffdf4239000 	C:\WINDOWS\System32\msvcrt.dll
0x00007ffdf4350000 - 0x00007ffdf43fa000 	C:\WINDOWS\System32\sechost.dll
0x00007ffdf4570000 - 0x00007ffdf4688000 	C:\WINDOWS\System32\RPCRT4.dll
0x00007ffdf5010000 - 0x00007ffdf51d7000 	C:\WINDOWS\System32\USER32.dll
0x00007ffdd7970000 - 0x00007ffdd7c02000 	C:\WINDOWS\WinSxS\amd64_microsoft.windows.common-controls_6595b64144ccf1df_6.0.26100.8521_none_3e08b75ce33403b3\COMCTL32.dll
0x00007ffdf3f30000 - 0x00007ffdf3f57000 	C:\WINDOWS\System32\win32u.dll
0x00007ffdf5c80000 - 0x00007ffdf5cab000 	C:\WINDOWS\System32\GDI32.dll
0x00007ffdf36b0000 - 0x00007ffdf37db000 	C:\WINDOWS\System32\gdi32full.dll
0x00007ffde7310000 - 0x00007ffde731b000 	C:\WINDOWS\SYSTEM32\VERSION.dll
0x00007ffdf37e0000 - 0x00007ffdf3883000 	C:\WINDOWS\System32\msvcp_win.dll
0x00007ffdf5680000 - 0x00007ffdf56b2000 	C:\WINDOWS\System32\IMM32.DLL
0x00007ffdb1120000 - 0x00007ffdb112c000 	C:\Program Files\Java\jdk-17\bin\vcruntime140_1.dll
0x00007ffd41e90000 - 0x00007ffd41f1e000 	C:\Program Files\Java\jdk-17\bin\msvcp140.dll
0x00007ffd18080000 - 0x00007ffd18c60000 	C:\Program Files\Java\jdk-17\bin\server\jvm.dll
0x00007ffdf5670000 - 0x00007ffdf5678000 	C:\WINDOWS\System32\PSAPI.DLL
0x00007ffdd02c0000 - 0x00007ffdd02ca000 	C:\WINDOWS\SYSTEM32\WSOCK32.dll
0x00007ffdd00c0000 - 0x00007ffdd00f6000 	C:\WINDOWS\SYSTEM32\WINMM.dll
0x00007ffdf46c0000 - 0x00007ffdf4740000 	C:\WINDOWS\System32\WS2_32.dll
0x00007ffdf2400000 - 0x00007ffdf241b000 	C:\WINDOWS\SYSTEM32\kernel.appcore.dll
0x00007ffd8edb0000 - 0x00007ffd8edba000 	C:\Program Files\Java\jdk-17\bin\jimage.dll
0x00007ffdf0d20000 - 0x00007ffdf0f62000 	C:\WINDOWS\SYSTEM32\DBGHELP.DLL
0x00007ffdf56c0000 - 0x00007ffdf5a43000 	C:\WINDOWS\System32\combase.dll
0x00007ffdf4400000 - 0x00007ffdf44d9000 	C:\WINDOWS\System32\OLEAUT32.dll
0x00007ffddc160000 - 0x00007ffddc19b000 	C:\WINDOWS\SYSTEM32\dbgcore.DLL
0x00007ffdf3f60000 - 0x00007ffdf4008000 	C:\WINDOWS\System32\bcryptPrimitives.dll
0x00007ffd41e60000 - 0x00007ffd41e85000 	C:\Program Files\Java\jdk-17\bin\java.dll

dbghelp: loaded successfully - version: 4.0.5 - missing functions: none
symbol engine: initialized successfully - sym options: 0x614 - pdb path: .;C:\Program Files\Java\jdk-17\bin;C:\WINDOWS\SYSTEM32;C:\WINDOWS\WinSxS\amd64_microsoft.windows.common-controls_6595b64144ccf1df_6.0.26100.8521_none_3e08b75ce33403b3;C:\Program Files\Java\jdk-17\bin\server

VM Arguments:
jvm_args: -Dorg.gradle.appname=gradlew 
java_command: org.gradle.wrapper.GradleWrapperMain -q -Ptarget-platform=android-arm64 -Ptarget=D:\New Flutter Projects\meal_app\lib\main.dart -Pbase-application-name=android.app.Application -Pdart-defines=Zmx1dHRlci5pbnNwZWN0b3Iuc3RydWN0dXJlZEVycm9ycz10cnVl,RkxVVFRFUl9WRVJTSU9OPTMuNDEuNg==,RkxVVFRFUl9DSEFOTkVMPXN0YWJsZQ==,RkxVVFRFUl9HSVRfVVJMPWh0dHBzOi8vZ2l0aHViLmNvbS9mbHV0dGVyL2ZsdXR0ZXIuZ2l0,RkxVVFRFUl9GUkFNRVdPUktfUkVWSVNJT049ZGI1MGUyMDE2OA==,RkxVVFRFUl9FTkdJTkVfUkVWSVNJT049NDI1Y2ZiNTRkMA==,RkxVVFRFUl9EQVJUX1ZFUlNJT049My4xMS40 -Pdart-obfuscation=false -Ptrack-widget-creation=true -Ptree-shake-icons=false -Pfilesystem-scheme=org-dartlang-root assembleDebug
java_class_path (initial): D:\New Flutter Projects\meal_app\android\\gradle\wrapper\gradle-wrapper.jar
Launcher Type: SUN_STANDARD

[Global flags]
     intx CICompilerCount                          = 4                                         {product} {ergonomic}
     uint ConcGCThreads                            = 2                                         {product} {ergonomic}
     uint G1ConcRefinementThreads                  = 8                                         {product} {ergonomic}
   size_t G1HeapRegionSize                         = 2097152                                   {product} {ergonomic}
    uintx GCDrainStackTargetSize                   = 64                                        {product} {ergonomic}
   size_t InitialHeapSize                          = 268435456                                 {product} {ergonomic}
   size_t MarkStackSize                            = 4194304                                   {product} {ergonomic}
   size_t MaxHeapSize                              = 4269801472                                {product} {ergonomic}
   size_t MinHeapDeltaBytes                        = 2097152                                   {product} {ergonomic}
   size_t MinHeapSize                              = 8388608                                   {product} {ergonomic}
    uintx NonNMethodCodeHeapSize                   = 5839372                                {pd product} {ergonomic}
    uintx NonProfiledCodeHeapSize                  = 122909434                              {pd product} {ergonomic}
    uintx ProfiledCodeHeapSize                     = 122909434                              {pd product} {ergonomic}
    uintx ReservedCodeCacheSize                    = 251658240                              {pd product} {ergonomic}
     bool SegmentedCodeCache                       = true                                      {product} {ergonomic}
   size_t SoftMaxHeapSize                          = 4269801472                             {manageable} {ergonomic}
     bool UseCompressedClassPointers               = true                           {product lp64_product} {ergonomic}
     bool UseCompressedOops                        = true                           {product lp64_product} {ergonomic}
     bool UseG1GC                                  = true                                      {product} {ergonomic}
     bool UseLargePagesIndividualAllocation        = false                                  {pd product} {ergonomic}

Logging:
Log output configuration:
 #0: stdout all=warning uptime,level,tags
 #1: stderr all=off uptime,level,tags

Environment Variables:
JAVA_HOME=C:\Program Files\Java\jdk-17
CLASSPATH=D:\New Flutter Projects\meal_app\android\\gradle\wrapper\gradle-wrapper.jar
PATH=C:\Program Files\Java\jdk-17\bin;C:\ProgramData\Oracle\Java\javapath;C:\Program Files\Common Files\Oracle\Java\javapath;C:\Program Files (x86)\Common Files\Oracle\Java\java8path;C:\Program Files (x86)\Common Files\Oracle\Java\javapath;C:\WINDOWS\system32;C:\WINDOWS;C:\WINDOWS\System32\Wbem;C:\WINDOWS\System32\WindowsPowerShell\v1.0\;C:\WINDOWS\System32\OpenSSH\;C:\Program Files (x86)\Intel\Intel(R) Management Engine Components\DAL;C:\Program Files\Intel\Intel(R) Management Engine Components\DAL;C:\flutter\bin;C:\Program Files\Dart\dart-sdk\bin;C:\Program Files\Cloudflare\Cloudflare WARP\;C:\Program Files\dotnet\;C:\Program Files (x86)\dotnet\;C:\Program Files\Git\cmd;C:\Users\Ola\AppData\Local\Android\Sdk\platform-tools;C:\Users\Ola\AppData\Local\Microsoft\WindowsApps;C:\flutter\bin;C:\Users\Ola\AppData\Local\Programs\Microsoft VS Code\bin;C:\Program Files\JetBrains\IntelliJ IDEA Community Edition 2021.3.2\bin;;C:\Users\Ola\AppData\Local\GitHubDesktop\bin;C:\Program Files\Java\jdk-17\bin;C:\Users\Ola\AppData\Local\Android\Sdk\platform-tools;;C:\flutter\bin\mingit\cmd
USERNAME=Ola
OS=Windows_NT
PROCESSOR_IDENTIFIER=Intel64 Family 6 Model 142 Stepping 10, GenuineIntel



---------------  S Y S T E M  ---------------

OS:
 Windows 11 , 64 bit Build 26100 (10.0.26100.8521)
OS uptime: 5 days 8:35 hours
Hyper-V role detected

CPU: total 8 (initial active 8) (4 cores per cpu, 2 threads per core) family 6 model 142 stepping 10 microcode 0xf0, cx8, cmov, fxsr, ht, mmx, 3dnowpref, sse, sse2, sse3, ssse3, sse4.1, sse4.2, popcnt, lzcnt, tsc, tscinvbit, avx, avx2, aes, erms, clmul, bmi1, bmi2, adx, fma, vzeroupper, clflush, clflushopt, hv

Memory: 4k page, system-wide physical 16281M (1477M free)
TotalPageFile size 27332M (AvailPageFile size 151M)
current process WorkingSet (physical memory assigned to process): 13M, peak: 13M
current process commit charge ("private bytes"): 60M, peak: 316M

vm_info: Java HotSpot(TM) 64-Bit Server VM (17.0.12+8-LTS-286) for windows-amd64 JRE (17.0.12+8-LTS-286), built on Jun  5 2024 06:46:59 by "mach5one" with MS VC++ 17.6 (VS2022)

END.
